bun test v1.2.22 (6bafe260)
bun : 
At line:1 char:1
+ bun test 
src/__tests__/admin.test.ts 2>&1 | 
Tee-Object -FilePath test ...
+ ~~~~~~~~~~~~~~~~~~~~~~~~~~~~~~~~~~
~~~~~~~
    + CategoryInfo          : NotSp 
   ecified: (:String) [], RemoteEx  
  ception
    + FullyQualifiedErrorId : Nativ 
   eCommandError
 
src\__tests__\admin.test.ts:
Ô£à DB Connected
(pass) Admin Controller - Get All 
Users > should retrieve all users 
[62.00ms]
(pass) Admin Controller - Get All 
Users > should return user count 
and role breakdown
(pass) Admin Controller - Get All 
Users > should count roles correctly
(pass) Admin Controller - Create 
User > should successfully create a 
new user [63.00ms]
(pass) Admin Controller - Create 
User > should reject user creation 
with missing fields
(pass) Admin Controller - Create 
User > should reject duplicate 
username [62.00ms]
(pass) Admin Controller - Create 
User > should reject duplicate 
email [63.00ms]
(pass) Admin Controller - Create 
User > should hash password when 
creating user [62.00ms]
(pass) Admin Controller - Update 
User > should successfully update 
user [47.00ms]
277 |                     role: 
"kitchen",
278 |                 }),
279 |             })
280 |         );
281 | 
282 |         
expect(response.status).toBe(200);
                                    
  ^
error: 
expect(received).toBe(expected)

Expected: 200
Received: 404

      at <anonymous> (E:\restaurant-
website\app\src\__tests__\admin.test
.ts:282:33)
(fail) Admin Controller - Update 
User > should update user role 
[62.00ms]
Ó╣üÓ©üÓ╣ëÓ╣äÓ©éÓ╣ÇÓ©úÓ©ÁÓ©óÓ©ÜÓ©úÓ╣ëÓ©¡Ó©ó
(pass) Admin Controller - Delete 
User > should successfully delete 
user [63.00ms]
(pass) Admin Controller - Delete 
User > should reject delete without 
username
(pass) Admin Controller - Upload 
Menu Data > should successfully 
upload menu item
(pass) Admin Controller - Upload 
Menu Data > should reject menu 
upload without name
(pass) Admin Controller - Upload 
Menu Data > should reject menu 
upload without price
(pass) Admin Controller - Upload 
Menu Data > should handle image 
upload correctly [16.00ms]

 15 pass
 1 fail
 32 expect() calls
Ran 16 tests across 1 file. 
[619.00ms]
